// Jest Snapshot v1, https://goo.gl/fbAQLP

exports[`<SetVolunteer /> renders 1`] = `
<section
  class="VolunteerList"
>
  <h2>
    Modifier un volunteer
  </h2>
  <form>
    <label
      for="postFirstname"
    >
      Prénom:
      <input
        id="postFirstname"
        name="postFirstname"
        type="text"
        value="Aupeix"
      />
    </label>
    <label
      for="postName"
    >
      Nom:
      <input
        id="postName"
        name="postName"
        type="text"
        value="Amélie"
      />
    </label>
    <label
      for="postAdult"
    >
      Majeur:
      <input
        id="postAdult"
        name="postAdult"
        type="text"
        value="1"
      />
    </label>
    <button
      type="button"
    >
      Save changes
    </button>
  </form>
</section>
`;
