// Jest Snapshot v1, https://goo.gl/fbAQLP

exports[`<List /> renders 1`] = `
<div
  class="JavGameList"
>
  <h4>
    JAV Games
  </h4>
  <ul>
    <li>
      <a
        href="/UserInfo/5"
      >
        6 qui prend!
      </a>
    </li>
  </ul>
</div>
`;
