// Jest Snapshot v1, https://goo.gl/fbAQLP

exports[`<MembreList /> renders 1`] = `
<div
  class="MembreList"
>
  <h4>
    Membre List
  </h4>
  <ul>
    <li>
      <a
        href="/Membre/1"
      >
        <b>
          Am√©lie
        </b>
         
        Aupeix
      </a>
    </li>
  </ul>
</div>
`;
