// Jest Snapshot v1, https://goo.gl/fbAQLP

exports[`<List /> renders 1`] = `
<div
  class="JeuJavList"
>
  <h4>
    Jeux JAV
  </h4>
  <ul>
    <li>
      6 qui prend!
       - [
      432
      ]
    </li>
  </ul>
</div>
`;
