// Jest Snapshot v1, https://goo.gl/fbAQLP

exports[`<VolunteerList /> renders 1`] = `
<div
  class="VolunteerList"
>
  <h4>
    Volunteer List
  </h4>
  <ul>
    <li>
      <a
        href="/Volunteer/1"
      >
        <b>
          Aupeix
        </b>
         
        Am√©lie
      </a>
    </li>
  </ul>
</div>
`;
